../Core/Src/Display_drivers.c:6:6:Command	16	static
../Core/Src/Display_drivers.c:13:6:Data	16	static
../Core/Src/Display_drivers.c:20:6:OLED_Reset	8	static
../Core/Src/Display_drivers.c:29:6:OLED_DisplayOn	8	static
../Core/Src/Display_drivers.c:35:6:OLED_DisplayOff	8	static
../Core/Src/Display_drivers.c:41:6:OLED_Init	8	static
../Core/Src/Display_drivers.c:103:6:OLED_Clear	16	static
../Core/Src/Display_drivers.c:115:6:OLED_Reset_Column	8	static
../Core/Src/Display_drivers.c:122:6:OLED_Reset_Row	8	static
../Core/Src/Display_drivers.c:129:6:OLED_SetWindow	8	static
../Core/Src/Display_drivers.c:136:6:OLED_DrawBitmap	40	static
